// Jest Snapshot v1, https://goo.gl/fbAQLP

exports[`SkiResortDetails component should render correctly 1`] = `
ShallowWrapper {
  Symbol(enzyme.__root__): [Circular],
  Symbol(enzyme.__unrendered__): <SkiResortDetails
    cams={
      Object {
        "194": Object {
          "name": "Pian Perduto alt. 1452 mt",
          "url": "http://www.umbriameteo.com/web1a/images/castelluccio_pdah.jpg",
        },
        "195": Object {
          "name": "Vista sull'abitato di Castelluccio",
          "url": "http://www.umbriameteo.com/web1/images/lastpdah.jpg",
        },
      }
    }
    name="Castelluccio di Norcia"
  />,
  Symbol(enzyme.__renderer__): Object {
    "batchedUpdates": [Function],
    "checkPropTypes": [Function],
    "getNode": [Function],
    "render": [Function],
    "simulateError": [Function],
    "simulateEvent": [Function],
    "unmount": [Function],
  },
  Symbol(enzyme.__node__): Object {
    "instance": null,
    "key": undefined,
    "nodeType": "function",
    "props": Object {
      "center": false,
      "children": <div
        className="container"
      >
        <span
          className="titleContainer"
        >
          <span>
            14-04-2019
          </span>
          <h2>
            Castelluccio di Norcia
          </h2>
        </span>
        <img
          alt="Pian Perduto alt. 1452 mt"
          src="http://www.umbriameteo.com/web1a/images/castelluccio_pdah.jpg"
        />
        <img
          alt="Vista sull'abitato di Castelluccio"
          src="http://www.umbriameteo.com/web1/images/lastpdah.jpg"
        />
      </div>,
    },
    "ref": null,
    "rendered": Object {
      "instance": null,
      "key": undefined,
      "nodeType": "host",
      "props": Object {
        "children": Array [
          <span
            className="titleContainer"
          >
            <span>
              14-04-2019
            </span>
            <h2>
              Castelluccio di Norcia
            </h2>
          </span>,
          Array [
            <img
              alt="Pian Perduto alt. 1452 mt"
              src="http://www.umbriameteo.com/web1a/images/castelluccio_pdah.jpg"
            />,
            <img
              alt="Vista sull'abitato di Castelluccio"
              src="http://www.umbriameteo.com/web1/images/lastpdah.jpg"
            />,
          ],
        ],
        "className": "container",
      },
      "ref": null,
      "rendered": Array [
        Object {
          "instance": null,
          "key": undefined,
          "nodeType": "host",
          "props": Object {
            "children": Array [
              <span>
                14-04-2019
              </span>,
              <h2>
                Castelluccio di Norcia
              </h2>,
            ],
            "className": "titleContainer",
          },
          "ref": null,
          "rendered": Array [
            Object {
              "instance": null,
              "key": undefined,
              "nodeType": "host",
              "props": Object {
                "children": "14-04-2019",
              },
              "ref": null,
              "rendered": "14-04-2019",
              "type": "span",
            },
            Object {
              "instance": null,
              "key": undefined,
              "nodeType": "host",
              "props": Object {
                "children": "Castelluccio di Norcia",
              },
              "ref": null,
              "rendered": "Castelluccio di Norcia",
              "type": "h2",
            },
          ],
          "type": "span",
        },
        Object {
          "instance": null,
          "key": "Pian Perduto alt. 1452 mt",
          "nodeType": "host",
          "props": Object {
            "alt": "Pian Perduto alt. 1452 mt",
            "src": "http://www.umbriameteo.com/web1a/images/castelluccio_pdah.jpg",
          },
          "ref": null,
          "rendered": null,
          "type": "img",
        },
        Object {
          "instance": null,
          "key": "Vista sull'abitato di Castelluccio",
          "nodeType": "host",
          "props": Object {
            "alt": "Vista sull'abitato di Castelluccio",
            "src": "http://www.umbriameteo.com/web1/images/lastpdah.jpg",
          },
          "ref": null,
          "rendered": null,
          "type": "img",
        },
      ],
      "type": "div",
    },
    "type": [Function],
  },
  Symbol(enzyme.__nodes__): Array [
    Object {
      "instance": null,
      "key": undefined,
      "nodeType": "function",
      "props": Object {
        "center": false,
        "children": <div
          className="container"
        >
          <span
            className="titleContainer"
          >
            <span>
              14-04-2019
            </span>
            <h2>
              Castelluccio di Norcia
            </h2>
          </span>
          <img
            alt="Pian Perduto alt. 1452 mt"
            src="http://www.umbriameteo.com/web1a/images/castelluccio_pdah.jpg"
          />
          <img
            alt="Vista sull'abitato di Castelluccio"
            src="http://www.umbriameteo.com/web1/images/lastpdah.jpg"
          />
        </div>,
      },
      "ref": null,
      "rendered": Object {
        "instance": null,
        "key": undefined,
        "nodeType": "host",
        "props": Object {
          "children": Array [
            <span
              className="titleContainer"
            >
              <span>
                14-04-2019
              </span>
              <h2>
                Castelluccio di Norcia
              </h2>
            </span>,
            Array [
              <img
                alt="Pian Perduto alt. 1452 mt"
                src="http://www.umbriameteo.com/web1a/images/castelluccio_pdah.jpg"
              />,
              <img
                alt="Vista sull'abitato di Castelluccio"
                src="http://www.umbriameteo.com/web1/images/lastpdah.jpg"
              />,
            ],
          ],
          "className": "container",
        },
        "ref": null,
        "rendered": Array [
          Object {
            "instance": null,
            "key": undefined,
            "nodeType": "host",
            "props": Object {
              "children": Array [
                <span>
                  14-04-2019
                </span>,
                <h2>
                  Castelluccio di Norcia
                </h2>,
              ],
              "className": "titleContainer",
            },
            "ref": null,
            "rendered": Array [
              Object {
                "instance": null,
                "key": undefined,
                "nodeType": "host",
                "props": Object {
                  "children": "14-04-2019",
                },
                "ref": null,
                "rendered": "14-04-2019",
                "type": "span",
              },
              Object {
                "instance": null,
                "key": undefined,
                "nodeType": "host",
                "props": Object {
                  "children": "Castelluccio di Norcia",
                },
                "ref": null,
                "rendered": "Castelluccio di Norcia",
                "type": "h2",
              },
            ],
            "type": "span",
          },
          Object {
            "instance": null,
            "key": "Pian Perduto alt. 1452 mt",
            "nodeType": "host",
            "props": Object {
              "alt": "Pian Perduto alt. 1452 mt",
              "src": "http://www.umbriameteo.com/web1a/images/castelluccio_pdah.jpg",
            },
            "ref": null,
            "rendered": null,
            "type": "img",
          },
          Object {
            "instance": null,
            "key": "Vista sull'abitato di Castelluccio",
            "nodeType": "host",
            "props": Object {
              "alt": "Vista sull'abitato di Castelluccio",
              "src": "http://www.umbriameteo.com/web1/images/lastpdah.jpg",
            },
            "ref": null,
            "rendered": null,
            "type": "img",
          },
        ],
        "type": "div",
      },
      "type": [Function],
    },
  ],
  Symbol(enzyme.__options__): Object {
    "adapter": ReactSixteenAdapter {
      "options": Object {
        "enableComponentDidUpdateOnSetState": true,
        "legacyContextMode": "parent",
        "lifecycles": Object {
          "componentDidUpdate": Object {
            "onSetState": true,
          },
          "getChildContext": Object {
            "calledByRenderer": false,
          },
          "getDerivedStateFromError": true,
          "getDerivedStateFromProps": Object {
            "hasShouldComponentUpdateBug": false,
          },
          "getSnapshotBeforeUpdate": true,
          "setState": Object {
            "skipsComponentDidUpdateOnNullish": true,
          },
        },
      },
    },
  },
}
`;
